// Jest Snapshot v1, https://goo.gl/fbAQLP

exports[`Pruebas en <GifApp /> Hacer match con el snapshot 1`] = `
<div>
  <h1>
    GifApp
  </h1>
  <form
    aria-label="form"
  >
    <input
      placeholder="Buscar Gifs"
      type="text"
      value=""
    />
  </form>
</div>
`;
