// Jest Snapshot v1, https://goo.gl/fbAQLP

exports[`Pruebas en <GifItem /> Hacer match con el snapshot 1`] = `
<div>
  <div
    class="card"
  >
    <img
      alt="spider-man fighting gif"
      src="https://gif.com/spider-man-fighting.jpg"
    />
    <p>
      spider-man fighting gif
    </p>
  </div>
</div>
`;
